
[1m[46m RUN [49m[22m [36mv4.0.16 [39m[90mC:/Users/ascentraland/Side/Altruistic[39m

 [31mΓ¥»[39m src/App.test.jsx [2m([22m[2m2 tests[22m[2m | [22m[31m1 failed[39m[2m)[22m[33m 399[2mms[22m[39m
[31m     [31m├ù[31m renders the header and initial organizations[39m[32m 121[2mms[22m[39m
     [32mΓ£ô[39m filters organizations when a cause is selected[32m 275[2mms[22m[39m
node.exe : 
At line:1 char:1
+ & "C:\Program Fil
es\nodejs/node.exe"
 "C:\Program Files\
nodejs/node_mo ...
+ ~~~~~~~~~~~~~~~~~
~~~~~~~~~~~~~~~~~~~
~~~~~~~~~~~~~~~~~~~
~~~~~~~~~~~~~~
    + CategoryInfo 
             : No  
  tSpecified: (:   
 String) [], Re    
moteException
    + FullyQualifi 
   edErrorId : Na  
  tiveCommandErr   
 or
 
[31mΓÄ»ΓÄ»ΓÄ»ΓÄ»ΓÄ
»ΓÄ»ΓÄ»[39m[1m[4
1m Failed Tests 1 
[49m[22m[31mΓÄ»ΓÄ
»ΓÄ»ΓÄ»ΓÄ»ΓÄ»ΓÄ»[3
9m

[41m[1m FAIL 
[22m[49m src/App.
test.jsx[2m > 
[22mApp 
Integration[2m > 
[22mrenders the 
header and initial 
organizations
[31m[1mTestingLib
raryElementError[2
2m[39m: Found 
multiple elements 
with the text: 
/Altruistic/i

Here are the 
matching elements:

Ignored nodes: 
comments, script, 
style
[36m<div[39m
  [33mstyle[39m=
[32m"font-weight: 
800; font-size: 
1.5rem; 
letter-spacing: 
-0.05em;"[39m
[36m>[39m
  
[0mAltruistic[0m
  [36m<span[39m
    [33mstyle[39m
=[32m"color: hsl(v
ar(--color-primary)
);"[39m
  [36m>[39m
    [0mSA[0m
  [36m</span>[39m
[36m</div>[39m

Ignored nodes: 
comments, script, 
style
[36m<p>[39m
  [0m┬⌐ [0m
  [0m2025[0m
  [0m 
AltruisticSA. 
Built for 
Impact.[0m
[36m</p>[39m

(If this is 
intentional, then 
use the `*AllBy*` 
variant of the 
query (like 
`queryAllByText`, 
`getAllByText`, or 
`findAllByText`)).

Ignored nodes: 
comments, script, 
style
[36m<body>[39m
  [36m<div>[39m
    [36m<div[39m
      [33mclass[3
9m=[32m"min-h-scre
en"[39m
    [36m>[39m
      
[36m<header[39m
        [33mclass
[39m=[32m"fixed 
top-0 left-0 
right-0 z-50 
glass"[39m
      [36m>[39m
        
[36m<div[39m
          [33mclas
s[39m=[32m"contai
ner 
flex-center"[39m
          [33mstyl
e[39m=[32m"height
: 80px; 
justify-content: sp
ace-between;"[39m
        [36m>[39m
          
[36m<div[39m
            [33mst
yle[39m=[32m"font
-weight: 800; 
font-size: 1.5rem; 
letter-spacing: 
-0.05em;"[39m
          
[36m>[39m
            
[0mAltruistic[0m
            
[36m<span[39m
              [33m
style[39m=[32m"co
lor: hsl(var(--colo
r-primary));"[39m
            
[36m>[39m
              
[0mSA[0m
            
[36m</span>[39m
          
[36m</div>[39m
        
[36m</div>[39m
      
[36m</header>[39m
      
[36m<main[39m
        [33mstyle
[39m=[32m"padding-
top: 80px; 
min-height: 100vh; 
padding-bottom: 
4rem;"[39m
      [36m>[39m
        
[36m<section[39m
          [33mclas
s[39m=[32m"contai
ner animate-fade-in
"[39m
          [33mstyl
e[39m=[32m"text-a
lign: center; 
padding: 6rem 0px 
4rem;"[39m
        [36m>[39m
          
[36m<h1>[39m
            
[0mMake an Impact 
in[0m
            
[36m<br />[39m
            
[0mSouth 
Africa[0m
          
[36m</h1>[39m
          
[36m<p[39m
            [33mst
yle[39m=[32m"colo
r: hsl(var(--color-
text-muted)); 
font-size: 
1.25rem; 
max-width: 600px; 
margin: 1.5rem 
auto;"[39m
          
[36m>[39m
            
[0mDiscover and 
support the most 
effective 
charities working 
to solve South 
Africa's pressing 
challenges.[0m
          
[36m</p>[39m
        [36m</sect
ion>[39m
        
[36m<section>[39m
          
[36m<div[39m
            [33mcl
ass[39m=[32m"cont
ainer"[39m
            [33mst
yle[39m=[32m"marg
in-bottom: 2rem; 
overflow-x: 
auto;"[39m
          
[36m>[39m
            
[36m<div[39m
              [33m
style[39m=[32m"di
splay: flex; gap: 
0.75rem; 
padding-bottom: 
1rem;"[39m
            
[36m>[39m
              
[36m<button[39m
                [3
3mstyle[39m=[32m"
padding: 0.5rem 
1.25rem; 
border-radius: var(
--radius-full); 
border-width: 1px; 
border-style: 
solid; 
border-color: hsl(v
ar(--color-primary)
); border-image: 
none; 
background-color: h
sl(var(--color-prim
ary)); color: 
white; 
font-weight: 600; 
font-size: 0.9rem; 
white-space: 
nowrap; 
transition: all var
(--transition-fast)
;"[39m
              
[36m>[39m
                
[0mAll[0m
              
[36m</button>[39m
              
[36m<button[39m
                [3
3mstyle[39m=[32m"
padding: 0.5rem 
1.25rem; 
border-radius: var(
--radius-full); 
border-width: 1px; 
border-style: 
solid; 
border-color: hsl(v
ar(--color-text-mut
ed) / 0.3); 
border-image: 
none; 
background-color: 
transparent; 
color: hsl(var(--co
lor-text-muted)); 
font-weight: 600; 
font-size: 0.9rem; 
white-space: 
nowrap; 
transition: all var
(--transition-fast)
;"[39m
              
[36m>[39m
                [0
mHumanitarian[0m
              
[36m</button>[39m
              
[36m<button[39m
                [3
3mstyle[39m=[32m"
padding: 0.5rem 
1.25rem; 
border-radius: var(
--radius-full); 
border-width: 1px; 
border-style: 
solid; 
border-color: hsl(v
ar(--color-text-mut
ed) / 0.3); 
border-image: 
none; 
background-color: 
transparent; 
color: hsl(var(--co
lor-text-muted)); 
font-weight: 600; 
font-size: 0.9rem; 
white-space: 
nowrap; 
transition: all var
(--transition-fast)
;"[39m
              
[36m>[39m
                
[0mEnvironment[0m
              
[36m</button>[39m
              
[36m<button[39m
                [3
3mstyle[39m=[32m"
padding: 0.5rem 
1.25rem; 
border-radius: var(
--radius-full); 
border-width: 1px; 
border-style: 
solid; 
border-color: hsl(v
ar(--color-text-mut
ed) / 0.3); 
border-image: 
none; 
background-color: 
transparent; 
color: hsl(var(--co
lor-text-muted)); 
font-weight: 600; 
font-size: 0.9rem; 
white-space: 
nowrap; 
transition: all var
(--transition-fast)
;"[39m
              
[36m>[39m
                
[0mEducation[0m
              
[36m</button>[39m
              
[36m<button[39m
                [3
3mstyle[39m=[32m"
padding: 0.5rem 
1.25rem; 
border-radius: var(
--radius-full); 
border-width: 1px; 
border-style: 
solid; 
border-color: hsl(v
ar(--color-text-mut
ed) / 0.3); 
border-image: 
none; 
background-color: 
transparent; 
color: hsl(var(--co
lor-text-muted)); 
font-weight: 600; 
font-size: 0.9rem; 
white-space: 
nowrap; 
transition: all var
(--transition-fast)
;"[39m
              
[36m>[39m
                
[0mAnimals[0m
              
[36m</button>[39m
              
[36m<button[39m
                [3
3mstyle[39m=[32m"
padding: 0.5rem 
1.25rem; 
border-radius: var(
--radius-full); 
border-width: 1px; 
border-style: 
solid; 
border-color: hsl(v
ar(--color-text-mut
ed) / 0.3); 
border-image: 
none; 
background-color: 
transparent; 
color: hsl(var(--co
lor-text-muted)); 
font-weight: 600; 
font-size: 0.9rem; 
white-space: 
nowrap; 
transition: all var
(--transition-fast)
;"[39m
              
[36m>[39m
                
[0mHealthcare[0m
              
[36m</button>[39m
            
[36m</div>[39m
          
[36m</div>[39m
          
[36m<div[39m
            [33mcl
ass[39m=[32m"cont
ainer"[39m
          
[36m>[39m
            
[36m<div[39m
              [33m
class[39m=[32m"gr
id-cards animate-fa
de-in"[39m
            
[36m>[39m
              
[36m<div[39m
                [3
3mclass[39m=[32m"
glass"[39m
                [3
3mstyle[39m=[32m"
border-radius: 
var(--radius-lg); 
overflow: hidden; 
display: flex; 
flex-direction: 
column; height: 
100%; transition: 
transform var(--tra
nsition-fast);"[39
m
              
[36m>[39m
                
[36m<div[39m
                  
[33mstyle[39m=[32
m"height: 200px; 
overflow: 
hidden;"[39m
                
[36m>[39m
                  
[36m<img[39m
                   
 [33malt[39m=[32
m"Gift of the 
Givers"[39m
                   
 [33msrc[39m=[32
m"https://images.un
splash.com/photo-14
88521787991-ed7bbaa
e773c?auto=format&f
it=crop&q=80&w=1000
"[39m
                   
 [33mstyle[39m=[
32m"width: 100%; 
height: 100%; 
object-fit: 
cover;"[39m
                  
[36m/>[39m

[2m Test Files [22m [1m[31m1 failed[39m[22m[90m (1)[39m
[2m      Tests [22m [1m[31m1 failed[39m[22m[2m | [22m[1m[32m1 passed[39m[22m[90m (2)[39m
[2m   Start at [22m 12:10:12
[2m   Duration [22m 2.23s[2m (transform 96ms, setup 186ms, import 197ms, tests 399ms, environment 1.22s)[22m

                
[36m</div>[39m
                
[36m<div[39m
                  
[33mstyle[39m=[32
m"padding: 1.5rem; 
flex: 1 1 0%; 
display: flex; 
flex-direction: 
column;"[39m
                
[36m>[39m
                  
[36m<div[39m
                   
 [33mstyle[39m=[
32m"display: 
inline-block; 
padding: 0.25rem 
0.75rem; 
border-radius: var(
--radius-full); 
background: hsl(var
(--color-primary) 
/ 0.1); color: hsl(
var(--color-primary
)); font-size: 
0.75rem; 
font-weight: 600; 
margin-bottom: 
0.75rem; 
align-self: 
flex-start;"[39m
                  
[36m>[39m
                   
 [0mHumanitarian[
0m
                  
[36m</div>[39m
                  
[36m<h3[39m
                   
 [33mstyle[39m=[
32m"font-size: 
1.25rem; 
margin-bottom: 
0.5rem;"[39m
                  
[36m>[39m
                   
 [0mGift of the 
Givers[0m
                  
[...
[90m [2mΓ¥»[22m 
Object.getElementEr
ror node_modules/@t
esting-library/dom/
dist/config.js:[2m
37:19[22m[39m
[90m [2mΓ¥»[22m 
getElementError nod
e_modules/@testing-
library/dom/dist/qu
ery-helpers.js:[2m
20:35[22m[39m
[90m [2mΓ¥»[22m 
getMultipleElements
FoundError node_mod
ules/@testing-libra
ry/dom/dist/query-h
elpers.js:[2m23:10
[22m[39m
[90m [2mΓ¥»[22m 
node_modules/@testi
ng-library/dom/dist
/query-helpers.js:
[2m55:13[22m[39m
[90m [2mΓ¥»[22m 
node_modules/@testi
ng-library/dom/dist
/query-helpers.js:
[2m95:19[22m[39m
[36m [2mΓ¥»[22m 
src/App.test.jsx:[
2m7:23[22m[39m
    [90m  5| 
[39m    [34mit[3
9m([32m'renders 
the header and 
initial organizatio
ns'[39m[33m,[39m
 () [33m=>[39m {
    [90m  6| 
[39m        [34mr
ender[39m([33m<[
39m[33mApp[39m [
33m/[39m[33m>[39
m)[33m;[39m
    [90m  7| 
[39m        [34me
xpect[39m(screen[
33m.[39m[34mgetBy
Text[39m([36m/Alt
ruistic/i[39m))[3
3m.[39m[34mtoBeIn
TheDocument[39m()
[33m;[39m
    [90m   | 
[39m              
        [31m^[39m
    [90m  8| 
[39m        expect
(screen.getByText(/
Make an Impact/i)).
toBeInTheDocument(Γ
Çª
    [90m  9| 
[39m        
[90m// Assuming 
mock data has 
"Gift of the 
Givers"[39m

[31m[2mΓÄ»ΓÄ»ΓÄ»Γ
Ä»ΓÄ»ΓÄ»ΓÄ»ΓÄ»ΓÄ»ΓÄ
»ΓÄ»ΓÄ»ΓÄ»ΓÄ»ΓÄ»ΓÄ»
ΓÄ»ΓÄ»ΓÄ»ΓÄ»ΓÄ»ΓÄ»Γ
Ä»ΓÄ»[1/1]ΓÄ»[22m
[39m

