yarn run v1.22.22
$ vitest run

[1m[46m RUN [49m[22m [36mv4.0.16 [39m[90mC:/Users/ascentraland/Side/Altruistic[39m


[31m⎯⎯⎯⎯⎯⎯[39m[1m[41m Failed Suites 2 [49m[22m[31m⎯⎯⎯⎯⎯⎯⎯[39m

[41m[1m FAIL [22m[49m src/App.test.tsx[2m [ src/App.test.tsx ][22m
[41m[1m FAIL [22m[49m src/components/OrganizationCard.test.tsx[2m [ src/components/OrganizationCard.test.tsx ][22m
[31m[1mError[22m: Cannot find module '@testing-library/dom'
Require stack:
- C:\Users\ascentraland\Side\Altruistic\node_modules\@testing-library\react\dist\pure.js[39m
[90m [2m❯[22m Object.<anonymous> node_modules/@testing-library/react/dist/pure.js:[2m46:12[22m[39m

[31m[2m⎯⎯⎯⎯⎯⎯⎯⎯⎯⎯⎯⎯⎯⎯⎯⎯⎯⎯⎯⎯⎯⎯⎯⎯[1/2]⎯[22m[39m


[2m Test Files [22m [1m[31m2 failed[39m[22m[90m (2)[39m
[2m      Tests [22m [2mno tests[22m
[2m   Start at [22m 12:26:16
[2m   Duration [22m 2.19s[2m (transform 121ms, setup 395ms, import 0ms, tests 0ms, environment 2.99s)[22m

error Command failed with exit code 1.
info Visit https://yarnpkg.com/en/docs/cli/run for documentation about this command.
