yarn run v1.22.22
$ C:\Users\ascentraland\Side\Altruistic\node_modules\.bin\tsc
src/components/OrganizationCard/OrganizationCard.test.tsx(17,34): error TS2741: Property 'type' is missing in type '{ id: number; name: string; description: string; cause: string; website: string; imageUrl: string; tags: string[]; section18a: boolean; }' but required in type 'Organization'.
src/components/OrganizationCard/OrganizationCard.test.tsx(29,34): error TS2741: Property 'type' is missing in type '{ id: number; name: string; description: string; cause: string; website: string; imageUrl: string; tags: string[]; section18a: boolean; }' but required in type 'Organization'.
error Command failed with exit code 2.
info Visit https://yarnpkg.com/en/docs/cli/run for documentation about this command.
